gaurajag@gaurajag MINGW64 ~/Documents/workspace-spring-tool-suite-4-4.19.0.RELEASE/ 01-Maven-App (master)
$ git init
Reinitialized existing Git repository in C:/Users/gaurajag/Documents/workspace-spring-tool-suite-4-4.19.0.RELEASE/ 01-Maven-App/.git/

gaurajag@gaurajag MINGW64 ~/Documents/workspace-spring-tool-suite-4-4.19.0.RELEASE/ 01-Maven-App (master)
$ git add .

gaurajag@gaurajag MINGW64 ~/Documents/workspace-spring-tool-suite-4-4.19.0.RELEASE/ 01-Maven-App (master)
$ git status
On branch master
nothing to commit, working tree clean

gaurajag@gaurajag MINGW64 ~/Documents/workspace-spring-tool-suite-4-4.19.0.RELEASE/ 01-Maven-App (master)
$ git commit -m 'initial commit'
On branch master
nothing to commit, working tree clean

gaurajag@gaurajag MINGW64 ~/Documents/workspace-spring-tool-suite-4-4.19.0.RELEASE/ 01-Maven-App (master)
$ git branch -m main

gaurajag@gaurajag MINGW64 ~/Documents/workspace-spring-tool-suite-4-4.19.0.RELEASE/ 01-Maven-App (main)
$ git remote add origin https://github.com/gaurajag/elearning-app.git

gaurajag@gaurajag MINGW64 ~/Documents/workspace-spring-tool-suite-4-4.19.0.RELEASE/ 01-Maven-App (main)
$ git push -u origin main


gaurajag@gaurajag MINGW64 ~/Documents/workspace-spring-tool-suite-4-4.19.0.RELEASE/ 01-Maven-App (main)
$ git push -u origin master
error: src refspec master does not match any
error: failed to push some refs to 'https://github.com/gaurajag/elearning-app.git'

gaurajag@gaurajag MINGW64 ~/Documents/workspace-spring-tool-suite-4-4.19.0.RELEASE/ 01-Maven-App (main)
$ git push -u origin main
Enumerating objects: 32, done.
Counting objects: 100% (32/32), done.
Delta compression using up to 12 threads
Compressing objects: 100% (18/18), done.
Writing objects: 100% (32/32), 4.21 KiB | 1.40 MiB/s, done.
Total 32 (delta 0), reused 0 (delta 0), pack-reused 0
To https://github.com/gaurajag/elearning-app.git
 * [new branch]      main -> main
branch 'main' set up to track 'origin/main'.
