gaurajag@gaurajag MINGW64 ~/Documents/workspace-spring-tool-suite-4-4.19.0.RELEASE/ 01-Maven-App (master)
$ git init
Reinitialized existing Git repository in C:/Users/gaurajag/Documents/workspace-spring-tool-suite-4-4.19.0.RELEASE/ 01-Maven-App/.git/

gaurajag@gaurajag MINGW64 ~/Documents/workspace-spring-tool-suite-4-4.19.0.RELEASE/ 01-Maven-App (master)
$ git add .

gaurajag@gaurajag MINGW64 ~/Documents/workspace-spring-tool-suite-4-4.19.0.RELEASE/ 01-Maven-App (master)
$ git status
On branch master
nothing to commit, working tree clean

gaurajag@gaurajag MINGW64 ~/Documents/workspace-spring-tool-suite-4-4.19.0.RELEASE/ 01-Maven-App (master)
$ git commit -m 'initial commit'
On branch master
nothing to commit, working tree clean

gaurajag@gaurajag MINGW64 ~/Documents/workspace-spring-tool-suite-4-4.19.0.RELEASE/ 01-Maven-App (master)
$ git branch -m main

gaurajag@gaurajag MINGW64 ~/Documents/workspace-spring-tool-suite-4-4.19.0.RELEASE/ 01-Maven-App (main)
$ git remote add origin https://github.com/gaurajag/elearning-app.git

gaurajag@gaurajag MINGW64 ~/Documents/workspace-spring-tool-suite-4-4.19.0.RELEASE/ 01-Maven-App (main)
$ git push -u origin main


gaurajag@gaurajag MINGW64 ~/Documents/workspace-spring-tool-suite-4-4.19.0.RELEASE/ 01-Maven-App (main)
$ git push -u origin master
error: src refspec master does not match any
error: failed to push some refs to 'https://github.com/gaurajag/elearning-app.git'

gaurajag@gaurajag MINGW64 ~/Documents/workspace-spring-tool-suite-4-4.19.0.RELEASE/ 01-Maven-App (main)
$ git push -u origin main
Enumerating objects: 32, done.
Counting objects: 100% (32/32), done.
Delta compression using up to 12 threads
Compressing objects: 100% (18/18), done.
Writing objects: 100% (32/32), 4.21 KiB | 1.40 MiB/s, done.
Total 32 (delta 0), reused 0 (delta 0), pack-reused 0
To https://github.com/gaurajag/elearning-app.git
 * [new branch]      main -> main
branch 'main' set up to track 'origin/main'.

******************?????????ADDED ONE NEW FILE TO PROJECT FOLDER??????????************************************************
gaurajag@gaurajag MINGW64 ~/Documents/workspace-spring-tool-suite-4-4.19.0.RELEASE/ 01-Maven-App (main)
$ git status
On branch main
Your branch is up to date with 'origin/main'.

Untracked files:
  (use "git add <file>..." to include in what will be committed)
        demo.txt

nothing added to commit but untracked files present (use "git add" to track)

gaurajag@gaurajag MINGW64 ~/Documents/workspace-spring-tool-suite-4-4.19.0.RELEASE/ 01-Maven-App (main)
$ git add .

gaurajag@gaurajag MINGW64 ~/Documents/workspace-spring-tool-suite-4-4.19.0.RELEASE/ 01-Maven-App (main)
$ git status
On branch main
Your branch is up to date with 'origin/main'.

Changes to be committed:
  (use "git restore --staged <file>..." to unstage)
        new file:   demo.txt


gaurajag@gaurajag MINGW64 ~/Documents/workspace-spring-tool-suite-4-4.19.0.RELEASE/ 01-Maven-App (main)
$ git commit -m 'demo class created'
[main ee70894] demo class created
 1 file changed, 43 insertions(+)
 create mode 100644 demo.txt

gaurajag@gaurajag MINGW64 ~/Documents/workspace-spring-tool-suite-4-4.19.0.RELEASE/ 01-Maven-App (main)
$ git push
Enumerating objects: 4, done.
Counting objects: 100% (4/4), done.
Delta compression using up to 12 threads
Compressing objects: 100% (3/3), done.
Writing objects: 100% (3/3), 787 bytes | 787.00 KiB/s, done.
Total 3 (delta 1), reused 0 (delta 0), pack-reused 0
remote: Resolving deltas: 100% (1/1), completed with 1 local object.
To https://github.com/gaurajag/elearning-app.git
   c75a1e9..ee70894  main -> main
